// Jest Snapshot v1, https://goo.gl/fbAQLP

exports[`renders member 1`] = `
<div>
  <h1>
    manofzeal
     
    <svg
      attr={
        Object {
          "viewBox": "0 0 512 512",
        }
      }
      fill="currentColor"
      height="1em"
      stroke="currentColor"
      strokeWidth="0"
      style={
        Object {
          "color": undefined,
        }
      }
      viewBox="0 0 512 512"
      width="1em"
    >
      <path
        d="M496 128c0 221.282-135.934 344.645-221.539 380.308a48 48 0 0 1-36.923 0C130.495 463.713 16 326.487 16 128a48 48 0 0 1 29.539-44.308l192-80a48 48 0 0 1 36.923 0l192 80A48 48 0 0 1 496 128zM256 446.313l.066.034c93.735-46.689 172.497-156.308 175.817-307.729L256 65.333v380.98z"
      />
    </svg>
  </h1>
  <img
    alt="profile picture"
    src="kk.jpg"
  />
  <div>
     email: 
    <a
      href="mailto:kk@manofzeal.in"
    >
      kk@manofzeal.in
    </a>
  </div>
  <a
    onClick={[Function]}
  >
     Remove Admin 
  </a>
</div>
`;
